******************************************************************************
             TMS320C2000 Linker PC v6.2.0                      
******************************************************************************
>> Linked Sun Dec 22 18:48:05 2013

OUTPUT FILE NAME:   <Template.out>
ENTRY POINT SYMBOL: "_c_int00"  address: 003f2e42


MEMORY CONFIGURATION

         name            origin    length      used     unused   attr    fill
----------------------  --------  ---------  --------  --------  ----  --------
PAGE 0:
  RAML0                 00008000   00000800  0000001f  000007e1  RWIX
  RAML1                 00008800   00000400  00000000  00000400  RWIX
  OTP                   003d7800   00000400  00000000  00000400  RWIX
  BOOTLOADER            003e8000   00002000  00000180  00001e80  RWIX
  FLASHG                003ea000   00002000  00000000  00002000  RWIX
  FLASHF                003ec000   00002000  00000000  00002000  RWIX
  FLASHE                003ee000   00002000  00000000  00002000  RWIX
  FLASHD                003f0000   00002000  0000001f  00001fe1  RWIX
  FLASHC                003f2000   00002000  000012bf  00000d41  RWIX
  FLASHA                003f6000   00001f80  00000000  00001f80  RWIX
  CSM_RSVD              003f7f80   00000076  00000076  00000000  RWIX
  BEGIN                 003f7ff6   00000002  00000002  00000000  RWIX
  CSM_PWL_P0            003f7ff8   00000008  00000008  00000000  RWIX
  IQTABLES              003fe000   00000b50  00000000  00000b50  RWIX
  IQTABLES2             003feb50   0000008c  00000000  0000008c  RWIX
  IQTABLES3             003febdc   000000aa  00000000  000000aa  RWIX
  ROM                   003ff27c   00000d44  00000000  00000d44  RWIX
  RESET                 003fffc0   00000002  00000000  00000002  RWIX
  VECTORS               003fffc2   0000003e  00000000  0000003e  RWIX

PAGE 1:
  BOOT_RSVD             00000000   00000050  00000000  00000050  RWIX
  RAMM0                 00000050   000003b0  00000300  000000b0  RWIX
  RAMM1                 00000400   00000400  00000000  00000400  RWIX
  DEV_EMU               00000880   00000105  00000004  00000101  RWIX
  SYS_PWR_CTL           00000985   00000003  00000003  00000000  RWIX
  FLASH_REGS            00000a80   00000060  00000008  00000058  RWIX
  CSM                   00000ae0   00000010  00000010  00000000  RWIX
  ADC_RESULT            00000b00   00000020  00000020  00000000  RWIX
  CPU_TIMER0            00000c00   00000008  00000008  00000000  RWIX
  CPU_TIMER1            00000c08   00000008  00000008  00000000  RWIX
  CPU_TIMER2            00000c10   00000008  00000008  00000000  RWIX
  PIE_CTRL              00000ce0   00000020  0000001a  00000006  RWIX
  PIE_VECT              00000d00   00000100  00000100  00000000  RWIX
  CLA1                  00001400   00000080  00000040  00000040  RWIX
  ECANA                 00006000   00000040  00000034  0000000c  RWIX
  ECANA_LAM             00006040   00000040  00000040  00000000  RWIX
  ECANA_MOTS            00006080   00000040  00000040  00000000  RWIX
  ECANA_MOTO            000060c0   00000040  00000040  00000000  RWIX
  ECANA_MBOX            00006100   00000100  00000100  00000000  RWIX
  COMP1                 00006400   00000020  00000014  0000000c  RWIX
  COMP2                 00006420   00000020  00000014  0000000c  RWIX
  COMP3                 00006440   00000020  00000014  0000000c  RWIX
  EPWM1                 00006800   00000040  00000040  00000000  RWIX
  EPWM2                 00006840   00000040  00000040  00000000  RWIX
  EPWM3                 00006880   00000040  00000040  00000000  RWIX
  EPWM4                 000068c0   00000040  00000040  00000000  RWIX
  EPWM5                 00006900   00000040  00000040  00000000  RWIX
  EPWM6                 00006940   00000040  00000040  00000000  RWIX
  EPWM7                 00006980   00000040  00000040  00000000  RWIX
  ECAP1                 00006a00   00000020  00000020  00000000  RWIX
  HRCAP1                00006ac0   00000020  00000020  00000000  RWIX
  HRCAP2                00006ae0   00000020  00000020  00000000  RWIX
  EQEP1                 00006b00   00000040  00000040  00000000  RWIX
  LINA                  00006c00   00000080  0000004a  00000036  RWIX
  GPIOCTRL              00006f80   00000040  00000040  00000000  RWIX
  GPIODAT               00006fc0   00000020  00000020  00000000  RWIX
  GPIOINT               00006fe0   00000020  0000000c  00000014  RWIX
  SYSTEM                00007010   00000020  00000020  00000000  RWIX
  SPIA                  00007040   00000010  00000010  00000000  RWIX
  SCIA                  00007050   00000010  00000010  00000000  RWIX
  NMIINTRUPT            00007060   00000010  00000010  00000000  RWIX
  XINTRUPT              00007070   00000010  00000010  00000000  RWIX
  ADC                   00007100   00000080  00000050  00000030  RWIX
  SPIB                  00007740   00000010  00000010  00000000  RWIX
  I2CA                  00007900   00000040  00000022  0000001e  RWIX
  RAML2                 00008c00   00000400  0000005a  000003a6  RWIX
  RAML3                 00009000   00001000  00000400  00000c00  RWIX
  PARTID                003d7e80   00000001  00000001  00000000  RWIX
  FLASHB                003f4000   00002000  00000000  00002000  RWIX
  CSM_PWL               003f7ff8   00000008  00000008  00000000  RWIX


SECTION ALLOCATION MAP

 output                                  attributes/
section   page    origin      length       input sections
--------  ----  ----------  ----------   ----------------
.pinit     0    003f2000    00000000     UNINITIALIZED

.bootloader_boot 
*          0    003e8000    00000128     
                  003e8000    00000128     Boot.obj (.text)

.bootloader_shared 
*          0    003e8128    00000058     
                  003e8128    00000058     Shared_Boot.obj (.text)

ramfuncs   0    003f0000    0000001f     RUN ADDR = 00008000
                  003f0000    0000001b     DSP2803x_SysCtrl.obj (ramfuncs)
                  003f001b    00000004     DSP2803x_usDelay.obj (ramfuncs)

.text      0    003f2000    00001194     
                  003f2000    00000203     DSP2803x_Adc.obj (.text)
                  003f2203    000001c7     rts2800_ml.lib : memory.obj (.text)
                  003f23ca    0000017c     can.obj (.text)
                  003f2546    00000163     DSP2803x_DefaultIsr.obj (.text:retain)
                  003f26a9    00000143     DSP2803x_SysCtrl.obj (.text)
                  003f27ec    000000c4     DSP2803x_EPwm.obj (.text)
                  003f28b0    000000ae     SensorCov.obj (.text)
                  003f295e    000000aa     adc.obj (.text)
                  003f2a08    0000009e     DSP2803x_ECan.obj (.text)
                  003f2aa6    0000008e     DSP2803x_Lin.obj (.text)
                  003f2b34    0000008b     DSP2803x_OscComp.obj (.text)
                  003f2bbf    0000007d     main.obj (.text)
                  003f2c3c    00000076     DSP2803x_CpuTimers.obj (.text)
                  003f2cb2    0000005a     rts2800_ml.lib : fs_mpy.obj (.text)
                  003f2d0c    00000055     stopwatch.obj (.text)
                  003f2d61    00000053     PowerDown.obj (.text)
                  003f2db4    0000004a     DSP2803x_Spi.obj (.text)
                  003f2dfe    00000044     gpio.obj (.text)
                  003f2e42    00000044     rts2800_ml.lib : boot.obj (.text)
                  003f2e86    0000003e     can.obj (.text:retain)
                  003f2ec4    0000003d     DSP2803x_Comp.obj (.text)
                  003f2f01    00000036     DSP2803x_TempSensorConv.obj (.text)
                  003f2f37    00000033     clock.obj (.text:retain)
                  003f2f6a    0000002f     clock.obj (.text)
                  003f2f99    0000002e     DSP2803x_EQep.obj (.text)
                  003f2fc7    00000029     rts2800_ml.lib : fs_tol.obj (.text)
                  003f2ff0    00000028     DSP2803x_PieCtrl.obj (.text)
                  003f3018    00000025     DSP2803x_PieVect.obj (.text)
                  003f303d    00000022     Init.obj (.text)
                  003f305f    00000021     rts2800_ml.lib : memcpy_ff.obj (.text)
                  003f3080    00000020     DSP2803x_HRCap.obj (.text)
                  003f30a0    0000001b     main.obj (.text:retain)
                  003f30bb    0000001a     DSP2803x_Sci.obj (.text)
                  003f30d5    00000019     DSP2803x_I2C.obj (.text)
                  003f30ee    00000019     common.obj (.text)
                  003f3107    00000019     rts2800_ml.lib : args_main.obj (.text)
                  003f3120    00000019                    : exit.obj (.text)
                  003f3139    00000013     DSP2803x_Gpio.obj (.text)
                  003f314c    00000010     DSP2803x_ECap.obj (.text)
                  003f315c    0000000f     PowerDown.obj (.text:retain)
                  003f316b    0000000e     stopwatch.obj (.text:retain)
                  003f3179    00000009     rts2800_ml.lib : _lock.obj (.text)
                  003f3182    00000008     DSP2803x_CodeStartBranch.obj (.text)
                  003f318a    00000007     DSP2803x_DisInt.obj (.text)
                  003f3191    00000003     DSP2803x_DBGIER.obj (.text)

.econst    0    003f3194    00000100     
                  003f3194    00000100     DSP2803x_PieVect.obj (.econst)

.cinit     0    003f3294    0000002b     
                  003f3294    0000000a     rts2800_ml.lib : _lock.obj (.cinit)
                  003f329e    0000000a                    : exit.obj (.cinit)
                  003f32a8    00000008     Boot.obj (.cinit)
                  003f32b0    00000005     clock.obj (.cinit)
                  003f32b5    00000004     main.obj (.cinit)
                  003f32b9    00000004     rts2800_ml.lib : memory.obj (.cinit)
                  003f32bd    00000002     --HOLE-- [fill = 0]

csm_rsvd   0    003f7f80    00000076     
                  003f7f80    00000076     DSP2803x_CSMPasswords.obj (csm_rsvd)

codestart 
*          0    003f7ff6    00000002     
                  003f7ff6    00000002     DSP2803x_CodeStartBranch.obj (codestart)

csmpasswds 
*          0    003f7ff8    00000008     
                  003f7ff8    00000008     DSP2803x_CSMPasswords.obj (csmpasswds)

.reset     0    003fffc0    00000002     DSECT
                  003fffc0    00000002     rts2800_ml.lib : boot.obj (.reset)

vectors    0    003fffc2    00000000     DSECT

.stack     1    00000050    00000300     UNINITIALIZED
                  00000050    00000300     --HOLE--

DevEmuRegsFile 
*          1    00000880    00000004     UNINITIALIZED
                  00000880    00000004     DSP2803x_GlobalVariableDefs.obj (DevEmuRegsFile)

SysPwrCtrlRegsFile 
*          1    00000985    00000003     UNINITIALIZED
                  00000985    00000003     DSP2803x_GlobalVariableDefs.obj (SysPwrCtrlRegsFile)

FlashRegsFile 
*          1    00000a80    00000008     UNINITIALIZED
                  00000a80    00000008     DSP2803x_GlobalVariableDefs.obj (FlashRegsFile)

CsmRegsFile 
*          1    00000ae0    00000010     UNINITIALIZED
                  00000ae0    00000010     DSP2803x_GlobalVariableDefs.obj (CsmRegsFile)

AdcResultFile 
*          1    00000b00    00000020     UNINITIALIZED
                  00000b00    00000020     DSP2803x_GlobalVariableDefs.obj (AdcResultFile)

CpuTimer0RegsFile 
*          1    00000c00    00000008     UNINITIALIZED
                  00000c00    00000008     DSP2803x_GlobalVariableDefs.obj (CpuTimer0RegsFile)

CpuTimer1RegsFile 
*          1    00000c08    00000008     UNINITIALIZED
                  00000c08    00000008     DSP2803x_GlobalVariableDefs.obj (CpuTimer1RegsFile)

CpuTimer2RegsFile 
*          1    00000c10    00000008     UNINITIALIZED
                  00000c10    00000008     DSP2803x_GlobalVariableDefs.obj (CpuTimer2RegsFile)

PieCtrlRegsFile 
*          1    00000ce0    0000001a     UNINITIALIZED
                  00000ce0    0000001a     DSP2803x_GlobalVariableDefs.obj (PieCtrlRegsFile)

PieVectTableFile 
*          1    00000d00    00000100     UNINITIALIZED
                  00000d00    00000100     DSP2803x_GlobalVariableDefs.obj (PieVectTableFile)

EmuKeyVar 
*          1    00000d00    00000001     UNINITIALIZED
                  00000d00    00000001     DSP2803x_GlobalVariableDefs.obj (EmuKeyVar)

EmuBModeVar 
*          1    00000d01    00000001     UNINITIALIZED
                  00000d01    00000001     DSP2803x_GlobalVariableDefs.obj (EmuBModeVar)

FlashCallbackVar 
*          1    00000d02    00000002     UNINITIALIZED
                  00000d02    00000002     DSP2803x_GlobalVariableDefs.obj (FlashCallbackVar)

FlashScalingVar 
*          1    00000d04    00000002     UNINITIALIZED
                  00000d04    00000002     DSP2803x_GlobalVariableDefs.obj (FlashScalingVar)

Cla1RegsFile 
*          1    00001400    00000040     UNINITIALIZED
                  00001400    00000040     DSP2803x_GlobalVariableDefs.obj (Cla1RegsFile)

ECanaRegsFile 
*          1    00006000    00000034     UNINITIALIZED
                  00006000    00000034     DSP2803x_GlobalVariableDefs.obj (ECanaRegsFile)

ECanaLAMRegsFile 
*          1    00006040    00000040     UNINITIALIZED
                  00006040    00000040     DSP2803x_GlobalVariableDefs.obj (ECanaLAMRegsFile)

ECanaMOTSRegsFile 
*          1    00006080    00000040     UNINITIALIZED
                  00006080    00000040     DSP2803x_GlobalVariableDefs.obj (ECanaMOTSRegsFile)

ECanaMOTORegsFile 
*          1    000060c0    00000040     UNINITIALIZED
                  000060c0    00000040     DSP2803x_GlobalVariableDefs.obj (ECanaMOTORegsFile)

ECanaMboxesFile 
*          1    00006100    00000100     UNINITIALIZED
                  00006100    00000100     DSP2803x_GlobalVariableDefs.obj (ECanaMboxesFile)

Comp1RegsFile 
*          1    00006400    00000014     UNINITIALIZED
                  00006400    00000014     DSP2803x_GlobalVariableDefs.obj (Comp1RegsFile)

Comp2RegsFile 
*          1    00006420    00000014     UNINITIALIZED
                  00006420    00000014     DSP2803x_GlobalVariableDefs.obj (Comp2RegsFile)

Comp3RegsFile 
*          1    00006440    00000014     UNINITIALIZED
                  00006440    00000014     DSP2803x_GlobalVariableDefs.obj (Comp3RegsFile)

EPwm1RegsFile 
*          1    00006800    00000040     UNINITIALIZED
                  00006800    00000040     DSP2803x_GlobalVariableDefs.obj (EPwm1RegsFile)

EPwm2RegsFile 
*          1    00006840    00000040     UNINITIALIZED
                  00006840    00000040     DSP2803x_GlobalVariableDefs.obj (EPwm2RegsFile)

EPwm3RegsFile 
*          1    00006880    00000040     UNINITIALIZED
                  00006880    00000040     DSP2803x_GlobalVariableDefs.obj (EPwm3RegsFile)

EPwm4RegsFile 
*          1    000068c0    00000040     UNINITIALIZED
                  000068c0    00000040     DSP2803x_GlobalVariableDefs.obj (EPwm4RegsFile)

EPwm5RegsFile 
*          1    00006900    00000040     UNINITIALIZED
                  00006900    00000040     DSP2803x_GlobalVariableDefs.obj (EPwm5RegsFile)

EPwm6RegsFile 
*          1    00006940    00000040     UNINITIALIZED
                  00006940    00000040     DSP2803x_GlobalVariableDefs.obj (EPwm6RegsFile)

EPwm7RegsFile 
*          1    00006980    00000040     UNINITIALIZED
                  00006980    00000040     DSP2803x_GlobalVariableDefs.obj (EPwm7RegsFile)

ECap1RegsFile 
*          1    00006a00    00000020     UNINITIALIZED
                  00006a00    00000020     DSP2803x_GlobalVariableDefs.obj (ECap1RegsFile)

HRCap1RegsFile 
*          1    00006ac0    00000020     UNINITIALIZED
                  00006ac0    00000020     DSP2803x_GlobalVariableDefs.obj (HRCap1RegsFile)

HRCap2RegsFile 
*          1    00006ae0    00000020     UNINITIALIZED
                  00006ae0    00000020     DSP2803x_GlobalVariableDefs.obj (HRCap2RegsFile)

EQep1RegsFile 
*          1    00006b00    00000040     UNINITIALIZED
                  00006b00    00000040     DSP2803x_GlobalVariableDefs.obj (EQep1RegsFile)

LinaRegsFile 
*          1    00006c00    0000004a     UNINITIALIZED
                  00006c00    0000004a     DSP2803x_GlobalVariableDefs.obj (LinaRegsFile)

GpioCtrlRegsFile 
*          1    00006f80    00000040     UNINITIALIZED
                  00006f80    00000040     DSP2803x_GlobalVariableDefs.obj (GpioCtrlRegsFile)

GpioDataRegsFile 
*          1    00006fc0    00000020     UNINITIALIZED
                  00006fc0    00000020     DSP2803x_GlobalVariableDefs.obj (GpioDataRegsFile)

GpioIntRegsFile 
*          1    00006fe0    0000000c     UNINITIALIZED
                  00006fe0    0000000c     DSP2803x_GlobalVariableDefs.obj (GpioIntRegsFile)

SysCtrlRegsFile 
*          1    00007010    00000020     UNINITIALIZED
                  00007010    00000020     DSP2803x_GlobalVariableDefs.obj (SysCtrlRegsFile)

SpiaRegsFile 
*          1    00007040    00000010     UNINITIALIZED
                  00007040    00000010     DSP2803x_GlobalVariableDefs.obj (SpiaRegsFile)

SciaRegsFile 
*          1    00007050    00000010     UNINITIALIZED
                  00007050    00000010     DSP2803x_GlobalVariableDefs.obj (SciaRegsFile)

NmiIntruptRegsFile 
*          1    00007060    00000010     UNINITIALIZED
                  00007060    00000010     DSP2803x_GlobalVariableDefs.obj (NmiIntruptRegsFile)

XIntruptRegsFile 
*          1    00007070    00000010     UNINITIALIZED
                  00007070    00000010     DSP2803x_GlobalVariableDefs.obj (XIntruptRegsFile)

AdcRegsFile 
*          1    00007100    00000050     UNINITIALIZED
                  00007100    00000050     DSP2803x_GlobalVariableDefs.obj (AdcRegsFile)

SpibRegsFile 
*          1    00007740    00000010     UNINITIALIZED
                  00007740    00000010     DSP2803x_GlobalVariableDefs.obj (SpibRegsFile)

I2caRegsFile 
*          1    00007900    00000022     UNINITIALIZED
                  00007900    00000022     DSP2803x_GlobalVariableDefs.obj (I2caRegsFile)

.ebss      1    00008c00    0000005a     UNINITIALIZED
                  00008c00    00000018     DSP2803x_CpuTimers.obj (.ebss)
                  00008c18    0000000a     Init.obj (.ebss)
                  00008c22    0000000a     SensorCov.obj (.ebss)
                  00008c2c    0000000a     clock.obj (.ebss)
                  00008c36    00000008     rts2800_ml.lib : memory.obj (.ebss)
                  00008c3e    00000002     Boot.obj (.ebss)
                  00008c40    00000008     stopwatch.obj (.ebss)
                  00008c48    00000006     Shared_Boot.obj (.ebss)
                  00008c4e    00000004     rts2800_ml.lib : _lock.obj (.ebss)
                  00008c52    00000004                    : exit.obj (.ebss)
                  00008c56    00000002     DSP2803x_Lin.obj (.ebss)
                  00008c58    00000001     can.obj (.ebss)
                  00008c59    00000001     main.obj (.ebss)

.bss       1    00008c00    00000000     UNINITIALIZED

.sysmem    1    00009000    00000400     UNINITIALIZED
                  00009000    00000001     rts2800_ml.lib : memory.obj (.sysmem)
                  00009001    000003ff     --HOLE--

PartIdRegsFile 
*          1    003d7e80    00000001     UNINITIALIZED
                  003d7e80    00000001     DSP2803x_GlobalVariableDefs.obj (PartIdRegsFile)

CsmPwlFile 
*          1    003f7ff8    00000008     UNINITIALIZED
                  003f7ff8    00000008     DSP2803x_GlobalVariableDefs.obj (CsmPwlFile)


GLOBAL DATA SYMBOLS: SORTED BY DATA PAGE

address     data page           name
--------    ----------------    ----
00000050       1 (00000040)     __stack

00000880      22 (00000880)     _DevEmuRegs

00000985      26 (00000980)     _SysPwrCtrlRegs

00000a80      2a (00000a80)     _FlashRegs

00000ae0      2b (00000ac0)     _CsmRegs

00000b00      2c (00000b00)     _AdcResult

00000c00      30 (00000c00)     _CpuTimer0Regs
00000c08      30 (00000c00)     _CpuTimer1Regs
00000c10      30 (00000c00)     _CpuTimer2Regs

00000ce0      33 (00000cc0)     _PieCtrlRegs

00000d00      34 (00000d00)     _EmuKey
00000d00      34 (00000d00)     _PieVectTable
00000d01      34 (00000d00)     _EmuBMode
00000d02      34 (00000d00)     _Flash_CallbackPtr
00000d04      34 (00000d00)     _Flash_CPUScaleFactor

00001400      50 (00001400)     _Cla1Regs

00006000     180 (00006000)     _ECanaRegs

00006040     181 (00006040)     _ECanaLAMRegs

00006080     182 (00006080)     _ECanaMOTSRegs

000060c0     183 (000060c0)     _ECanaMOTORegs

00006100     184 (00006100)     _ECanaMboxes

00006400     190 (00006400)     _Comp1Regs
00006420     190 (00006400)     _Comp2Regs

00006440     191 (00006440)     _Comp3Regs

00006800     1a0 (00006800)     _EPwm1Regs

00006840     1a1 (00006840)     _EPwm2Regs

00006880     1a2 (00006880)     _EPwm3Regs

000068c0     1a3 (000068c0)     _EPwm4Regs

00006900     1a4 (00006900)     _EPwm5Regs

00006940     1a5 (00006940)     _EPwm6Regs

00006980     1a6 (00006980)     _EPwm7Regs

00006a00     1a8 (00006a00)     _ECap1Regs

00006ac0     1ab (00006ac0)     _HRCap1Regs
00006ae0     1ab (00006ac0)     _HRCap2Regs

00006b00     1ac (00006b00)     _EQep1Regs

00006c00     1b0 (00006c00)     _LinaRegs

00006f80     1be (00006f80)     _GpioCtrlRegs

00006fc0     1bf (00006fc0)     _GpioDataRegs
00006fe0     1bf (00006fc0)     _GpioIntRegs

00007010     1c0 (00007000)     _SysCtrlRegs

00007040     1c1 (00007040)     _SpiaRegs
00007050     1c1 (00007040)     _SciaRegs
00007060     1c1 (00007040)     _NmiIntruptRegs
00007070     1c1 (00007040)     _XIntruptRegs

00007100     1c4 (00007100)     _AdcRegs

00007740     1dd (00007740)     _SpibRegs

00007900     1e4 (00007900)     _I2caRegs

00008c00     230 (00008c00)     _CpuTimer1
00008c08     230 (00008c00)     _CpuTimer2
00008c10     230 (00008c00)     _CpuTimer0
00008c18     230 (00008c00)     _data
00008c1c     230 (00008c00)     _ops
00008c22     230 (00008c00)     _data_temp
00008c26     230 (00008c00)     _ops_temp
00008c2c     230 (00008c00)     _Clock_Ticks
00008c2e     230 (00008c00)     _Clock
00008c3e     230 (00008c00)     _ConfNbr2
00008c3f     230 (00008c00)     _ConfNbr1

00008c40     231 (00008c40)     _StopWatch
00008c48     231 (00008c40)     _GetWordData
00008c4a     231 (00008c40)     _FlashStatus
00008c4e     231 (00008c40)     __unlock
00008c50     231 (00008c40)     __lock
00008c52     231 (00008c40)     ___TI_cleanup_ptr
00008c54     231 (00008c40)     ___TI_dtors_ptr
00008c56     231 (00008c40)     _P1
00008c57     231 (00008c40)     _P0
00008c58     231 (00008c40)     _mask
00008c59     231 (00008c40)     _MesgID

00009000     240 (00009000)     __sys_memory

003d7e80    f5fa (003d7e80)     _PartIdRegs

003f3194    fcc6 (003f3180)     _PieVectTableInit

003f7ff8    fdff (003f7fc0)     _CsmPwl


GLOBAL SYMBOLS: SORTED ALPHABETICALLY BY Name 

address    name
--------   ----
00008c00   .bss
003f2000   .text
003f3120   C$$EXIT
003f2cb2   FS$$MPY
003f2fc7   FS$$TOL
003f25a0   _ADCINT1_ISR
003f25a5   _ADCINT2_ISR
003f2645   _ADCINT3_ISR
003f264a   _ADCINT4_ISR
003f264f   _ADCINT5_ISR
003f2654   _ADCINT6_ISR
003f2659   _ADCINT7_ISR
003f265e   _ADCINT8_ISR
003f25af   _ADCINT9_ISR
003f2067   _AdcChanSelect
003f20dc   _AdcConversion
003f2040   _AdcOffsetSelfCal
00007100   _AdcRegs
00000b00   _AdcResult
003e8080   _BC_CAN_Boot
003e8105   _BC_CAN_GetWordData
003e8094   _BC_CAN_Init
003e8000   _Boot
003f2bf3   _BootISRSetup
003e800a   _BootInit
003e811f   _Boot_Restart
003f23ca   _CANSetup
003f2663   _CLA1_INT1_ISR
003f2668   _CLA1_INT2_ISR
003f266d   _CLA1_INT3_ISR
003f2672   _CLA1_INT4_ISR
003f2677   _CLA1_INT5_ISR
003f267c   _CLA1_INT6_ISR
003f2681   _CLA1_INT7_ISR
003f2686   _CLA1_INT8_ISR
00001400   _Cla1Regs
00008c2e   _Clock
003f2f6a   _ClockSetup
00008c2c   _Clock_Ticks
00006400   _Comp1Regs
00006420   _Comp2Regs
00006440   _Comp3Regs
00008c3f   _ConfNbr1
00008c3e   _ConfNbr2
003f2e22   _Config12V
003f2c7d   _ConfigCpuTimer
003f2e34   _ConfigGPButton
003f2dfe   _ConfigLED0
003f2e10   _ConfigLED1
003e8048   _Confirm
003e8128   _CopyData
00008c10   _CpuTimer0
00000c00   _CpuTimer0Regs
00008c00   _CpuTimer1
00000c08   _CpuTimer1Regs
00008c08   _CpuTimer2
00000c10   _CpuTimer2Regs
003f7ff8   _CsmPwl
00000ae0   _CsmRegs
003f276d   _CsmUnlock
003f254b   _DATALOG_ISR
003f318a   _DSP28x_DisableInt
003f318e   _DSP28x_RestoreInt
0000801b   _DSP28x_usDelay
003f3059   _DataSetup
00000880   _DevEmuRegs
003f26cd   _DisableDog
003f2640   _ECAN0INTA_ISR
003f2e86   _ECAN1INTA_ISR
003f25fa   _ECAP1_INT_ISR
00006040   _ECanaLAMRegs
000060c0   _ECanaMOTORegs
00006080   _ECanaMOTSRegs
00006100   _ECanaMboxes
00006000   _ECanaRegs
00006a00   _ECap1Regs
003f269a   _EMPTY_ISR
003f2555   _EMUINT_ISR
003f25d7   _EPWM1_INT_ISR
003f315c   _EPWM1_TZINT_ISR
003f25dc   _EPWM2_INT_ISR
003f25b9   _EPWM2_TZINT_ISR
003f25e1   _EPWM3_INT_ISR
003f25be   _EPWM3_TZINT_ISR
003f25e6   _EPWM4_INT_ISR
003f25c3   _EPWM4_TZINT_ISR
003f25eb   _EPWM5_INT_ISR
003f25c8   _EPWM5_TZINT_ISR
003f25f0   _EPWM6_INT_ISR
003f25cd   _EPWM6_TZINT_ISR
003f25f5   _EPWM7_INT_ISR
003f25d2   _EPWM7_TZINT_ISR
00006800   _EPwm1Regs
00006840   _EPwm2Regs
00006880   _EPwm3Regs
000068c0   _EPwm4Regs
00006900   _EPwm5Regs
00006940   _EPwm6Regs
00006980   _EPwm7Regs
003f2609   _EQEP1_INT_ISR
00006b00   _EQep1Regs
00000d01   _EmuBMode
00000d00   _EmuKey
003f26d5   _EnableDog
003f300f   _EnableInterrupts
003f27d6   _ExtOscSel
003f2448   _FillCAN
003f253f   _FillCANData
003f24bb   _FillSendCAN
003ff9b3   _Flash2803x_Erase
003ff8d2   _Flash2803x_Program
00000a80   _FlashRegs
00008c4a   _FlashStatus
00000d04   _Flash_CPUScaleFactor
00000d02   _Flash_CallbackPtr
003f2af1   _GenIdParity
003e815e   _GetLongData
003f2ba6   _GetOscTrimValue
003f2f01   _GetTemperatureC
003f2f1d   _GetTemperatureK
00008c48   _GetWordData
00006f80   _GpioCtrlRegs
00006fc0   _GpioDataRegs
00006fe0   _GpioIntRegs
003f25ff   _HRCAP1_INT_ISR
003f2604   _HRCAP2_INT_ISR
00006ac0   _HRCap1Regs
00006ae0   _HRCap2Regs
003f2f95   _HeartBeat
003f2622   _I2CINT1A_ISR
003f2627   _I2CINT2A_ISR
00007900   _I2caRegs
003f255f   _ILLEGAL_ISR
003f2f37   _INT13_ISR
003f2546   _INT14_ISR
003f2000   _InitAdc
003f201e   _InitAdcAio
003f2ec4   _InitComp
003f2ecc   _InitComp1Gpio
003f2ede   _InitComp2Gpio
003f2ef6   _InitComp3Gpio
003f2ec5   _InitCompGpio
003f2c3c   _InitCpuTimers
003f2a08   _InitECan
003f2a8d   _InitECanGpio
003f2a0b   _InitECana
003f2a90   _InitECanaGpio
003f314c   _InitECap
003f3150   _InitECap1Gpio
003f314d   _InitECapGpio
003f27ec   _InitEPwm
003f27fc   _InitEPwm1Gpio
003f280e   _InitEPwm2Gpio
003f2820   _InitEPwm3Gpio
003f2834   _InitEPwm4Gpio
003f2848   _InitEPwm5Gpio
003f285a   _InitEPwm6Gpio
003f286c   _InitEPwm7Gpio
003f27ed   _InitEPwmGpio
003f287e   _InitEPwmSyncGpio
003f2f99   _InitEQep
003f2f9d   _InitEQep1Gpio
003f2f9a   _InitEQepGpio
00008000   _InitFlash
003f3139   _InitGpio
003f3080   _InitHRCap
003f3086   _InitHRCap1Gpio
003f3094   _InitHRCap2Gpio
003f3081   _InitHRCapGpio
003f30d5   _InitI2C
003f30d6   _InitI2CGpio
003f2aa6   _InitLin
003f2b1d   _InitLinGpio
003f2aa9   _InitLina
003f2b20   _InitLinaGpio
003f2731   _InitPeripheralClocks
003f2ff0   _InitPieCtrl
003f3018   _InitPieVectTable
003f26e1   _InitPll
003f30bb   _InitSci
003f30bc   _InitSciGpio
003f30bf   _InitSciaGpio
003f2db4   _InitSpi
003f2db5   _InitSpiGpio
003f2dba   _InitSpiaGpio
003f2de0   _InitSpibGpio
003f26a9   _InitSysCtrl
003f288f   _InitTzGpio
003f303d   _Initilize
003f279e   _IntOsc1Sel
003f27ae   _IntOsc2Sel
003f2636   _LIN0INTA_ISR
003f263b   _LIN1INTA_ISR
003f2695   _LUF_ISR
003f2690   _LVF_ISR
003f28ce   _LatchStruct
00006c00   _LinaRegs
00008c59   _MesgID
003f255a   _NMI_ISR
003f2bcf   _NextState
00007060   _NmiIntruptRegs
003f2d6d   _NodePowerDown
003f3051   _OperationsSetup
003f2b34   _Osc1Comp
003f2b6d   _Osc2Comp
00008c57   _P0
00008c56   _P1
003f269f   _PIE_RESERVED
003d7e80   _PartIdRegs
00000ce0   _PieCtrlRegs
00000d00   _PieVectTable
003f3194   _PieVectTableInit
003f2d61   _PowerDown
003f2d7b   _PowerDownISRSetup
003f2550   _RTOSINT_ISR
0000001f   _RamfuncsLoadSize
003f0000   _RamfuncsLoadStart
00008000   _RamfuncsRunStart
003e8170   _ReadReservedFn
003f2c33   _Restart
003f262c   _SCIRXINTA_ISR
003f2631   _SCITXINTA_ISR
003f260e   _SPIRXINTA_ISR
003f2618   _SPIRXINTB_ISR
003f2613   _SPITXINTA_ISR
003f261d   _SPITXINTB_ISR
00007050   _SciaRegs
003f24c6   _SendCAN
003f2504   _SendCANBatch
003f28b0   _SensorCov
003f2955   _SensorCovDeInit
003f28c3   _SensorCovInit
003f28df   _SensorCovMeasure
003f26c3   _ServiceDog
003f3191   _SetDBGIER
00007040   _SpiaRegs
00007740   _SpibRegs
003f2dac   _StartPowerDownInt
003f2d39   _StartStopWatch
003f2c18   _StartUp
003f2d5a   _StopStopWatch
00008c40   _StopWatch
003f2d0c   _StopWatchSetUp
00007010   _SysCtrlRegs
00000985   _SysPwrCtrlRegs
003f316b   _TINT0_ISR
003f2591   _USER10_ISR
003f2596   _USER11_ISR
003f259b   _USER12_ISR
003f2564   _USER1_ISR
003f2569   _USER2_ISR
003f256e   _USER3_ISR
003f2573   _USER4_ISR
003f2578   _USER5_ISR
003f257d   _USER6_ISR
003f2582   _USER7_ISR
003f2587   _USER8_ISR
003f258c   _USER9_ISR
003f2935   _UpdateStruct
003f2d6c   _UserPowerDown
003f25b4   _WAKEINT_ISR
003f30a0   _XINT1_ISR
003f25aa   _XINT2_ISR
003f268b   _XINT3_ISR
00007070   _XIntruptRegs
003f27c2   _XtalOscSel
00000350   __STACK_END
00000300   __STACK_SIZE
00000400   __SYSMEM_SIZE
00000001   __TI_args_main
00008c52   ___TI_cleanup_ptr
00008c54   ___TI_dtors_ptr
ffffffff   ___binit__
00008c00   ___bss__
ffffffff   ___c_args__
003f3294   ___cinit__
00008c00   ___end__
003f3194   ___etext__
003f305f   ___memcpy_ff
ffffffff   ___pinit__
003f2000   ___text__
003f3107   __args_main
00008c50   __lock
003f3181   __nop
003f317d   __register_lock
003f3179   __register_unlock
00000050   __stack
00009000   __sys_memory
00008c4e   __unlock
003f3120   _abort
003f295e   _adcinit
003f2e42   _c_int00
003f23b3   _calloc
003f23b1   _chkheap
00008c18   _data
00008c22   _data_temp
003f3122   _exit
003f2203   _free
003f2395   _free_memory
003f2d70   _isPowerOn
003f2d4a   _isStopWatchComplete
003f2bbf   _main
003f226c   _malloc
00008c58   _mask
003f2375   _max_free
003f2248   _minit
003f30fc   _myFree
003f30ee   _myMalloc
00008c1c   _ops
00008c26   _ops_temp
003f29ff   _readADC
003f22c5   _realloc
003f26a4   _rsvd_ISR
ffffffff   binit
003f3294   cinit
003f7ff6   code_start
00008c00   end
003f3194   etext
ffffffff   pinit


GLOBAL SYMBOLS: SORTED BY Symbol Address 

address    name
--------   ----
00000001   __TI_args_main
0000001f   _RamfuncsLoadSize
00000050   __stack
00000300   __STACK_SIZE
00000350   __STACK_END
00000400   __SYSMEM_SIZE
00000880   _DevEmuRegs
00000985   _SysPwrCtrlRegs
00000a80   _FlashRegs
00000ae0   _CsmRegs
00000b00   _AdcResult
00000c00   _CpuTimer0Regs
00000c08   _CpuTimer1Regs
00000c10   _CpuTimer2Regs
00000ce0   _PieCtrlRegs
00000d00   _EmuKey
00000d00   _PieVectTable
00000d01   _EmuBMode
00000d02   _Flash_CallbackPtr
00000d04   _Flash_CPUScaleFactor
00001400   _Cla1Regs
00006000   _ECanaRegs
00006040   _ECanaLAMRegs
00006080   _ECanaMOTSRegs
000060c0   _ECanaMOTORegs
00006100   _ECanaMboxes
00006400   _Comp1Regs
00006420   _Comp2Regs
00006440   _Comp3Regs
00006800   _EPwm1Regs
00006840   _EPwm2Regs
00006880   _EPwm3Regs
000068c0   _EPwm4Regs
00006900   _EPwm5Regs
00006940   _EPwm6Regs
00006980   _EPwm7Regs
00006a00   _ECap1Regs
00006ac0   _HRCap1Regs
00006ae0   _HRCap2Regs
00006b00   _EQep1Regs
00006c00   _LinaRegs
00006f80   _GpioCtrlRegs
00006fc0   _GpioDataRegs
00006fe0   _GpioIntRegs
00007010   _SysCtrlRegs
00007040   _SpiaRegs
00007050   _SciaRegs
00007060   _NmiIntruptRegs
00007070   _XIntruptRegs
00007100   _AdcRegs
00007740   _SpibRegs
00007900   _I2caRegs
00008000   _InitFlash
00008000   _RamfuncsRunStart
0000801b   _DSP28x_usDelay
00008c00   .bss
00008c00   _CpuTimer1
00008c00   ___bss__
00008c00   ___end__
00008c00   end
00008c08   _CpuTimer2
00008c10   _CpuTimer0
00008c18   _data
00008c1c   _ops
00008c22   _data_temp
00008c26   _ops_temp
00008c2c   _Clock_Ticks
00008c2e   _Clock
00008c3e   _ConfNbr2
00008c3f   _ConfNbr1
00008c40   _StopWatch
00008c48   _GetWordData
00008c4a   _FlashStatus
00008c4e   __unlock
00008c50   __lock
00008c52   ___TI_cleanup_ptr
00008c54   ___TI_dtors_ptr
00008c56   _P1
00008c57   _P0
00008c58   _mask
00008c59   _MesgID
00009000   __sys_memory
003d7e80   _PartIdRegs
003e8000   _Boot
003e800a   _BootInit
003e8048   _Confirm
003e8080   _BC_CAN_Boot
003e8094   _BC_CAN_Init
003e8105   _BC_CAN_GetWordData
003e811f   _Boot_Restart
003e8128   _CopyData
003e815e   _GetLongData
003e8170   _ReadReservedFn
003f0000   _RamfuncsLoadStart
003f2000   .text
003f2000   _InitAdc
003f2000   ___text__
003f201e   _InitAdcAio
003f2040   _AdcOffsetSelfCal
003f2067   _AdcChanSelect
003f20dc   _AdcConversion
003f2203   _free
003f2248   _minit
003f226c   _malloc
003f22c5   _realloc
003f2375   _max_free
003f2395   _free_memory
003f23b1   _chkheap
003f23b3   _calloc
003f23ca   _CANSetup
003f2448   _FillCAN
003f24bb   _FillSendCAN
003f24c6   _SendCAN
003f2504   _SendCANBatch
003f253f   _FillCANData
003f2546   _INT14_ISR
003f254b   _DATALOG_ISR
003f2550   _RTOSINT_ISR
003f2555   _EMUINT_ISR
003f255a   _NMI_ISR
003f255f   _ILLEGAL_ISR
003f2564   _USER1_ISR
003f2569   _USER2_ISR
003f256e   _USER3_ISR
003f2573   _USER4_ISR
003f2578   _USER5_ISR
003f257d   _USER6_ISR
003f2582   _USER7_ISR
003f2587   _USER8_ISR
003f258c   _USER9_ISR
003f2591   _USER10_ISR
003f2596   _USER11_ISR
003f259b   _USER12_ISR
003f25a0   _ADCINT1_ISR
003f25a5   _ADCINT2_ISR
003f25aa   _XINT2_ISR
003f25af   _ADCINT9_ISR
003f25b4   _WAKEINT_ISR
003f25b9   _EPWM2_TZINT_ISR
003f25be   _EPWM3_TZINT_ISR
003f25c3   _EPWM4_TZINT_ISR
003f25c8   _EPWM5_TZINT_ISR
003f25cd   _EPWM6_TZINT_ISR
003f25d2   _EPWM7_TZINT_ISR
003f25d7   _EPWM1_INT_ISR
003f25dc   _EPWM2_INT_ISR
003f25e1   _EPWM3_INT_ISR
003f25e6   _EPWM4_INT_ISR
003f25eb   _EPWM5_INT_ISR
003f25f0   _EPWM6_INT_ISR
003f25f5   _EPWM7_INT_ISR
003f25fa   _ECAP1_INT_ISR
003f25ff   _HRCAP1_INT_ISR
003f2604   _HRCAP2_INT_ISR
003f2609   _EQEP1_INT_ISR
003f260e   _SPIRXINTA_ISR
003f2613   _SPITXINTA_ISR
003f2618   _SPIRXINTB_ISR
003f261d   _SPITXINTB_ISR
003f2622   _I2CINT1A_ISR
003f2627   _I2CINT2A_ISR
003f262c   _SCIRXINTA_ISR
003f2631   _SCITXINTA_ISR
003f2636   _LIN0INTA_ISR
003f263b   _LIN1INTA_ISR
003f2640   _ECAN0INTA_ISR
003f2645   _ADCINT3_ISR
003f264a   _ADCINT4_ISR
003f264f   _ADCINT5_ISR
003f2654   _ADCINT6_ISR
003f2659   _ADCINT7_ISR
003f265e   _ADCINT8_ISR
003f2663   _CLA1_INT1_ISR
003f2668   _CLA1_INT2_ISR
003f266d   _CLA1_INT3_ISR
003f2672   _CLA1_INT4_ISR
003f2677   _CLA1_INT5_ISR
003f267c   _CLA1_INT6_ISR
003f2681   _CLA1_INT7_ISR
003f2686   _CLA1_INT8_ISR
003f268b   _XINT3_ISR
003f2690   _LVF_ISR
003f2695   _LUF_ISR
003f269a   _EMPTY_ISR
003f269f   _PIE_RESERVED
003f26a4   _rsvd_ISR
003f26a9   _InitSysCtrl
003f26c3   _ServiceDog
003f26cd   _DisableDog
003f26d5   _EnableDog
003f26e1   _InitPll
003f2731   _InitPeripheralClocks
003f276d   _CsmUnlock
003f279e   _IntOsc1Sel
003f27ae   _IntOsc2Sel
003f27c2   _XtalOscSel
003f27d6   _ExtOscSel
003f27ec   _InitEPwm
003f27ed   _InitEPwmGpio
003f27fc   _InitEPwm1Gpio
003f280e   _InitEPwm2Gpio
003f2820   _InitEPwm3Gpio
003f2834   _InitEPwm4Gpio
003f2848   _InitEPwm5Gpio
003f285a   _InitEPwm6Gpio
003f286c   _InitEPwm7Gpio
003f287e   _InitEPwmSyncGpio
003f288f   _InitTzGpio
003f28b0   _SensorCov
003f28c3   _SensorCovInit
003f28ce   _LatchStruct
003f28df   _SensorCovMeasure
003f2935   _UpdateStruct
003f2955   _SensorCovDeInit
003f295e   _adcinit
003f29ff   _readADC
003f2a08   _InitECan
003f2a0b   _InitECana
003f2a8d   _InitECanGpio
003f2a90   _InitECanaGpio
003f2aa6   _InitLin
003f2aa9   _InitLina
003f2af1   _GenIdParity
003f2b1d   _InitLinGpio
003f2b20   _InitLinaGpio
003f2b34   _Osc1Comp
003f2b6d   _Osc2Comp
003f2ba6   _GetOscTrimValue
003f2bbf   _main
003f2bcf   _NextState
003f2bf3   _BootISRSetup
003f2c18   _StartUp
003f2c33   _Restart
003f2c3c   _InitCpuTimers
003f2c7d   _ConfigCpuTimer
003f2cb2   FS$$MPY
003f2d0c   _StopWatchSetUp
003f2d39   _StartStopWatch
003f2d4a   _isStopWatchComplete
003f2d5a   _StopStopWatch
003f2d61   _PowerDown
003f2d6c   _UserPowerDown
003f2d6d   _NodePowerDown
003f2d70   _isPowerOn
003f2d7b   _PowerDownISRSetup
003f2dac   _StartPowerDownInt
003f2db4   _InitSpi
003f2db5   _InitSpiGpio
003f2dba   _InitSpiaGpio
003f2de0   _InitSpibGpio
003f2dfe   _ConfigLED0
003f2e10   _ConfigLED1
003f2e22   _Config12V
003f2e34   _ConfigGPButton
003f2e42   _c_int00
003f2e86   _ECAN1INTA_ISR
003f2ec4   _InitComp
003f2ec5   _InitCompGpio
003f2ecc   _InitComp1Gpio
003f2ede   _InitComp2Gpio
003f2ef6   _InitComp3Gpio
003f2f01   _GetTemperatureC
003f2f1d   _GetTemperatureK
003f2f37   _INT13_ISR
003f2f6a   _ClockSetup
003f2f95   _HeartBeat
003f2f99   _InitEQep
003f2f9a   _InitEQepGpio
003f2f9d   _InitEQep1Gpio
003f2fc7   FS$$TOL
003f2ff0   _InitPieCtrl
003f300f   _EnableInterrupts
003f3018   _InitPieVectTable
003f303d   _Initilize
003f3051   _OperationsSetup
003f3059   _DataSetup
003f305f   ___memcpy_ff
003f3080   _InitHRCap
003f3081   _InitHRCapGpio
003f3086   _InitHRCap1Gpio
003f3094   _InitHRCap2Gpio
003f30a0   _XINT1_ISR
003f30bb   _InitSci
003f30bc   _InitSciGpio
003f30bf   _InitSciaGpio
003f30d5   _InitI2C
003f30d6   _InitI2CGpio
003f30ee   _myMalloc
003f30fc   _myFree
003f3107   __args_main
003f3120   C$$EXIT
003f3120   _abort
003f3122   _exit
003f3139   _InitGpio
003f314c   _InitECap
003f314d   _InitECapGpio
003f3150   _InitECap1Gpio
003f315c   _EPWM1_TZINT_ISR
003f316b   _TINT0_ISR
003f3179   __register_unlock
003f317d   __register_lock
003f3181   __nop
003f318a   _DSP28x_DisableInt
003f318e   _DSP28x_RestoreInt
003f3191   _SetDBGIER
003f3194   _PieVectTableInit
003f3194   ___etext__
003f3194   etext
003f3294   ___cinit__
003f3294   cinit
003f7ff6   code_start
003f7ff8   _CsmPwl
003ff8d2   _Flash2803x_Program
003ff9b3   _Flash2803x_Erase
ffffffff   ___binit__
ffffffff   ___c_args__
ffffffff   ___pinit__
ffffffff   binit
ffffffff   pinit

[319 symbols]
